---
http_interactions:
- request:
    method: get
    uri: http://localhost:3000/api/v1/find_by_email
    body:
      encoding: UTF-8
      string: '{"email":"tiger@gmail.com","password":"golf123"}'
    headers:
      User-Agent:
      - Faraday v2.9.0
      Content-Type:
      - application/json
      Accept-Encoding:
      - gzip;q=1.0,deflate;q=0.6,identity;q=0.3
      Accept:
      - "*/*"
  response:
    status:
      code: 200
      message: OK
    headers:
      X-Frame-Options:
      - SAMEORIGIN
      X-Xss-Protection:
      - '0'
      X-Content-Type-Options:
      - nosniff
      X-Permitted-Cross-Domain-Policies:
      - none
      Referrer-Policy:
      - strict-origin-when-cross-origin
      Content-Type:
      - application/json; charset=utf-8
      Vary:
      - Accept
      Etag:
      - W/"e390cdec750b2d3a0837599eaae05837"
      Cache-Control:
      - max-age=0, private, must-revalidate
      X-Request-Id:
      - b11a9224-feba-4128-891e-6bc58e12469b
      X-Runtime:
      - '0.236309'
      Server-Timing:
      - start_processing.action_controller;dur=0.00, sql.active_record;dur=0.46, instantiation.active_record;dur=0.03,
        process_action.action_controller;dur=233.25
      Content-Length:
      - '215'
    body:
      encoding: UTF-8
      string: '{"data":{"id":"4","type":"user","attributes":{"name":"Tiger Woods","email":"tiger@gmail.com"},"relationships":{"meetups":{"data":[{"id":"2","type":"meetup"},{"id":"3","type":"meetup"},{"id":"4","type":"meetup"}]}}}}'
  recorded_at: Tue, 27 Feb 2024 00:17:22 GMT
- request:
    method: get
    uri: http://localhost:3000/api/v1/users/4
    body:
      encoding: US-ASCII
      string: ''
    headers:
      User-Agent:
      - Faraday v2.9.0
      Accept-Encoding:
      - gzip;q=1.0,deflate;q=0.6,identity;q=0.3
      Accept:
      - "*/*"
  response:
    status:
      code: 200
      message: OK
    headers:
      X-Frame-Options:
      - SAMEORIGIN
      X-Xss-Protection:
      - '0'
      X-Content-Type-Options:
      - nosniff
      X-Permitted-Cross-Domain-Policies:
      - none
      Referrer-Policy:
      - strict-origin-when-cross-origin
      Content-Type:
      - application/json; charset=utf-8
      Vary:
      - Accept
      Etag:
      - W/"e390cdec750b2d3a0837599eaae05837"
      Cache-Control:
      - max-age=0, private, must-revalidate
      X-Request-Id:
      - c700ac62-f0aa-4a14-93c3-1794f7635339
      X-Runtime:
      - '0.004749'
      Server-Timing:
      - start_processing.action_controller;dur=0.00, sql.active_record;dur=0.59, instantiation.active_record;dur=0.03,
        process_action.action_controller;dur=1.74
      Content-Length:
      - '215'
    body:
      encoding: UTF-8
      string: '{"data":{"id":"4","type":"user","attributes":{"name":"Tiger Woods","email":"tiger@gmail.com"},"relationships":{"meetups":{"data":[{"id":"2","type":"meetup"},{"id":"3","type":"meetup"},{"id":"4","type":"meetup"}]}}}}'
  recorded_at: Tue, 27 Feb 2024 00:17:22 GMT
- request:
    method: get
    uri: http://localhost:3000/api/v1/users/3
    body:
      encoding: US-ASCII
      string: ''
    headers:
      User-Agent:
      - Faraday v2.9.0
      Accept-Encoding:
      - gzip;q=1.0,deflate;q=0.6,identity;q=0.3
      Accept:
      - "*/*"
  response:
    status:
      code: 200
      message: OK
    headers:
      X-Frame-Options:
      - SAMEORIGIN
      X-Xss-Protection:
      - '0'
      X-Content-Type-Options:
      - nosniff
      X-Permitted-Cross-Domain-Policies:
      - none
      Referrer-Policy:
      - strict-origin-when-cross-origin
      Content-Type:
      - application/json; charset=utf-8
      Vary:
      - Accept
      Etag:
      - W/"b3ad2b2a3ecb95a15031d4dd6c167244"
      Cache-Control:
      - max-age=0, private, must-revalidate
      X-Request-Id:
      - 968b70ad-e9ff-434f-8def-c8893eea897f
      X-Runtime:
      - '0.004362'
      Server-Timing:
      - start_processing.action_controller;dur=0.00, sql.active_record;dur=0.20, instantiation.active_record;dur=0.03,
        process_action.action_controller;dur=1.36
      Content-Length:
      - '254'
    body:
      encoding: UTF-8
      string: '{"data":{"id":"3","type":"user","attributes":{"name":"Tiger Woods","email":"bess.hills@donnelly.example"},"relationships":{"meetups":{"data":[{"id":"1","type":"meetup"},{"id":"5","type":"meetup"},{"id":"6","type":"meetup"},{"id":"7","type":"meetup"}]}}}}'
  recorded_at: Tue, 27 Feb 2024 00:17:22 GMT
recorded_with: VCR 6.2.0
