---
http_interactions:
- request:
    method: get
    uri: http://localhost:3000/api/v1/find_by_email
    body:
      encoding: UTF-8
      string: '{"email":"tiger@gmail.com","password":"golf123"}'
    headers:
      User-Agent:
      - Faraday v2.9.0
      Content-Type:
      - application/json
      Accept-Encoding:
      - gzip;q=1.0,deflate;q=0.6,identity;q=0.3
      Accept:
      - "*/*"
  response:
    status:
      code: 200
      message: OK
    headers:
      X-Frame-Options:
      - SAMEORIGIN
      X-Xss-Protection:
      - '0'
      X-Content-Type-Options:
      - nosniff
      X-Permitted-Cross-Domain-Policies:
      - none
      Referrer-Policy:
      - strict-origin-when-cross-origin
      Content-Type:
      - application/json; charset=utf-8
      Vary:
      - Accept, Origin
      Etag:
      - W/"ae063ae659d29ced53b12616f97d93c0"
      Cache-Control:
      - max-age=0, private, must-revalidate
      X-Request-Id:
      - 5f20aefb-e769-46ef-a8dd-6f11bebaa368
      X-Runtime:
      - '0.244236'
      Server-Timing:
      - start_processing.action_controller;dur=0.00, sql.active_record;dur=0.33, instantiation.active_record;dur=0.03,
        process_action.action_controller;dur=241.91
      Content-Length:
      - '135'
    body:
      encoding: UTF-8
      string: '{"data":{"id":"4","type":"user","attributes":{"name":"Tiger Woods","email":"tiger@gmail.com"},"relationships":{"meetups":{"data":[]}}}}'
  recorded_at: Tue, 27 Feb 2024 18:20:30 GMT
- request:
    method: get
    uri: http://localhost:3000/api/v1/users/4
    body:
      encoding: US-ASCII
      string: ''
    headers:
      User-Agent:
      - Faraday v2.9.0
      Accept-Encoding:
      - gzip;q=1.0,deflate;q=0.6,identity;q=0.3
      Accept:
      - "*/*"
  response:
    status:
      code: 200
      message: OK
    headers:
      X-Frame-Options:
      - SAMEORIGIN
      X-Xss-Protection:
      - '0'
      X-Content-Type-Options:
      - nosniff
      X-Permitted-Cross-Domain-Policies:
      - none
      Referrer-Policy:
      - strict-origin-when-cross-origin
      Content-Type:
      - application/json; charset=utf-8
      Vary:
      - Accept, Origin
      Etag:
      - W/"ae063ae659d29ced53b12616f97d93c0"
      Cache-Control:
      - max-age=0, private, must-revalidate
      X-Request-Id:
      - db3cacc3-96f3-4c16-95ba-ae403d71fb47
      X-Runtime:
      - '0.003741'
      Server-Timing:
      - start_processing.action_controller;dur=0.00, sql.active_record;dur=0.25, instantiation.active_record;dur=0.03,
        process_action.action_controller;dur=1.25
      Content-Length:
      - '135'
    body:
      encoding: UTF-8
      string: '{"data":{"id":"4","type":"user","attributes":{"name":"Tiger Woods","email":"tiger@gmail.com"},"relationships":{"meetups":{"data":[]}}}}'
  recorded_at: Tue, 27 Feb 2024 18:20:30 GMT
- request:
    method: get
    uri: http://localhost:3000/api/v1/users/4
    body:
      encoding: US-ASCII
      string: ''
    headers:
      User-Agent:
      - Faraday v2.9.0
      Accept-Encoding:
      - gzip;q=1.0,deflate;q=0.6,identity;q=0.3
      Accept:
      - "*/*"
  response:
    status:
      code: 200
      message: OK
    headers:
      X-Frame-Options:
      - SAMEORIGIN
      X-Xss-Protection:
      - '0'
      X-Content-Type-Options:
      - nosniff
      X-Permitted-Cross-Domain-Policies:
      - none
      Referrer-Policy:
      - strict-origin-when-cross-origin
      Content-Type:
      - application/json; charset=utf-8
      Vary:
      - Accept, Origin
      Etag:
      - W/"ae063ae659d29ced53b12616f97d93c0"
      Cache-Control:
      - max-age=0, private, must-revalidate
      X-Request-Id:
      - 518fdf88-88ed-4ceb-b1e2-98cf6fdba5de
      X-Runtime:
      - '0.003607'
      Server-Timing:
      - start_processing.action_controller;dur=0.00, sql.active_record;dur=0.27, instantiation.active_record;dur=0.03,
        process_action.action_controller;dur=1.33
      Content-Length:
      - '135'
    body:
      encoding: UTF-8
      string: '{"data":{"id":"4","type":"user","attributes":{"name":"Tiger Woods","email":"tiger@gmail.com"},"relationships":{"meetups":{"data":[]}}}}'
  recorded_at: Tue, 27 Feb 2024 18:20:30 GMT
recorded_with: VCR 6.2.0
